2026-04-22 07:10:39,065 INFO ensemble_dir=/home/aneitzel/projects/ArqueoGal/models/main/xp_abundances/20260422_38a993e_d8178cc_joint cfg_hash=d8178cc sha=38a993e input_dim=139 labels=('teff_apogee', 'logg_apogee', 'mh_apogee', 'alpha_m_apogee', 'mg_h_apogee') seeds=(0,) queue=8192 barlow=1.0
2026-04-22 07:10:39,317 INFO device=cuda
2026-04-22 07:10:39,317 INFO === training joint-ensemble member seed=0 ===
2026-04-22 07:10:52,633 INFO dropping 13906/292948 rows with NaN in XP features
2026-04-22 07:10:54,202 INFO fit label scaler on 195295 train stars — Teff mean=4614.9 scale=267.5, logg mean=2.36 scale=0.52, [M/H] mean=-0.26 scale=0.34
2026-04-22 07:10:57,785 INFO momentum queue enabled: size=8192, D=32, n_labels=5, warm_start=True
2026-04-22 07:11:29,919 INFO epoch 0: train_loss=10.0153 val_loss=9.2092 tau=0.100 grad_max=303.60 grad_mean=6.96
2026-04-22 07:11:30,792 INFO first-epoch sanity teff_apogee: mean_pred=4627 mean_truth=4615 std_truth=267.6 dev=12.01
2026-04-22 07:11:30,793 INFO first-epoch sanity logg_apogee: mean_pred=2.383 mean_truth=2.362 std_truth=0.5159 dev=0.02103
2026-04-22 07:11:30,794 INFO first-epoch sanity mh_apogee: mean_pred=-0.2538 mean_truth=-0.2572 std_truth=0.3443 dev=0.003383
2026-04-22 07:11:30,795 INFO first-epoch sanity alpha_m_apogee: mean_pred=0.08448 mean_truth=0.0866 std_truth=0.09543 dev=0.002126
2026-04-22 07:11:30,795 INFO first-epoch sanity mg_h_apogee: mean_pred=-0.1528 mean_truth=-0.1514 std_truth=0.2902 dev=0.001408
2026-04-22 07:11:43,119 INFO epoch 1: train_loss=9.6867 val_loss=9.0260 tau=0.098 grad_max=9.01 grad_mean=3.09
2026-04-22 07:11:54,281 INFO epoch 2: train_loss=9.6589 val_loss=9.2200 tau=0.098 grad_max=13.55 grad_mean=3.42
2026-04-22 07:12:04,185 INFO epoch 3: train_loss=9.6496 val_loss=9.2679 tau=0.096 grad_max=11.35 grad_mean=3.51
2026-04-22 07:12:14,658 INFO epoch 4: train_loss=9.6456 val_loss=9.3481 tau=0.094 grad_max=13.91 grad_mean=3.44
2026-04-22 07:12:26,476 INFO epoch 5: train_loss=9.6193 val_loss=8.3740 tau=0.096 grad_max=10.60 grad_mean=3.80
2026-04-22 07:12:36,880 INFO epoch 6: train_loss=9.5366 val_loss=8.2332 tau=0.099 grad_max=18.66 grad_mean=5.78
2026-04-22 07:12:46,890 INFO epoch 7: train_loss=9.4462 val_loss=7.8693 tau=0.102 grad_max=39.05 grad_mean=10.50
2026-04-22 07:12:57,264 INFO epoch 8: train_loss=9.3247 val_loss=7.4997 tau=0.104 grad_max=132.91 grad_mean=27.65
2026-04-22 07:13:07,291 INFO epoch 9: train_loss=9.2049 val_loss=7.3078 tau=0.106 grad_max=228.30 grad_mean=53.83
2026-04-22 07:13:17,581 INFO epoch 10: train_loss=9.0934 val_loss=6.9868 tau=0.108 grad_max=323.90 grad_mean=70.32
2026-04-22 07:13:28,213 INFO epoch 11: train_loss=9.0022 val_loss=6.7437 tau=0.109 grad_max=347.17 grad_mean=91.20
2026-04-22 07:13:38,308 INFO epoch 12: train_loss=8.9371 val_loss=6.5872 tau=0.110 grad_max=506.42 grad_mean=126.68
2026-04-22 07:13:49,241 INFO epoch 13: train_loss=8.9136 val_loss=6.5255 tau=0.111 grad_max=508.06 grad_mean=181.26
2026-04-22 07:14:01,563 INFO epoch 14: train_loss=8.8888 val_loss=6.4644 tau=0.111 grad_max=654.91 grad_mean=241.63
2026-04-22 07:14:14,039 INFO epoch 15: train_loss=8.8696 val_loss=6.4075 tau=0.112 grad_max=705.82 grad_mean=258.41
2026-04-22 07:14:24,318 INFO epoch 16: train_loss=8.8303 val_loss=6.3732 tau=0.113 grad_max=1023.20 grad_mean=239.90
2026-04-22 07:14:34,286 INFO epoch 17: train_loss=8.8581 val_loss=6.2757 tau=0.113 grad_max=984.80 grad_mean=345.69
2026-04-22 07:14:44,911 INFO epoch 18: train_loss=8.7742 val_loss=6.2104 tau=0.113 grad_max=976.21 grad_mean=280.38
2026-04-22 07:14:56,155 INFO epoch 19: train_loss=8.8115 val_loss=6.1501 tau=0.115 grad_max=1062.48 grad_mean=355.47
2026-04-22 07:15:07,475 INFO epoch 20: train_loss=8.8353 val_loss=6.1699 tau=0.116 grad_max=795.69 grad_mean=405.28
2026-04-22 07:15:18,993 INFO epoch 21: train_loss=8.8265 val_loss=6.0712 tau=0.119 grad_max=625.84 grad_mean=372.85
2026-04-22 07:15:33,025 INFO epoch 22: train_loss=8.8021 val_loss=6.0086 tau=0.123 grad_max=618.33 grad_mean=351.60
2026-04-22 07:15:47,463 INFO epoch 23: train_loss=8.7530 val_loss=5.9743 tau=0.128 grad_max=559.50 grad_mean=338.03
2026-04-22 07:15:58,677 INFO epoch 24: train_loss=8.7272 val_loss=5.8495 tau=0.132 grad_max=564.40 grad_mean=317.45
2026-04-22 07:16:09,346 INFO epoch 25: train_loss=8.6743 val_loss=5.7523 tau=0.133 grad_max=595.19 grad_mean=303.46
2026-04-22 07:16:19,182 INFO epoch 26: train_loss=8.5412 val_loss=5.5607 tau=0.135 grad_max=612.47 grad_mean=232.35
2026-04-22 07:16:29,036 INFO epoch 27: train_loss=8.3123 val_loss=5.3199 tau=0.139 grad_max=869.44 grad_mean=287.74
2026-04-22 07:16:39,875 INFO epoch 28: train_loss=8.2002 val_loss=5.1609 tau=0.144 grad_max=761.59 grad_mean=343.63
2026-04-22 07:16:50,691 INFO epoch 29: train_loss=8.1245 val_loss=4.9871 tau=0.146 grad_max=900.87 grad_mean=332.45
2026-04-22 07:17:00,393 INFO epoch 30: train_loss=7.9039 val_loss=4.8061 tau=0.141 grad_max=784.05 grad_mean=340.24
2026-04-22 07:17:10,227 INFO epoch 31: train_loss=7.7839 val_loss=4.6724 tau=0.135 grad_max=1313.73 grad_mean=363.63
2026-04-22 07:17:21,469 INFO epoch 32: train_loss=7.8216 val_loss=4.7926 tau=0.134 grad_max=1194.14 grad_mean=373.40
2026-04-22 07:17:32,027 INFO epoch 33: train_loss=7.6355 val_loss=4.5958 tau=0.126 grad_max=907.56 grad_mean=382.36
2026-04-22 07:17:41,941 INFO epoch 34: train_loss=7.6031 val_loss=4.6239 tau=0.123 grad_max=891.61 grad_mean=392.65
2026-04-22 07:17:51,596 INFO epoch 35: train_loss=7.5707 val_loss=4.4485 tau=0.123 grad_max=1001.56 grad_mean=392.53
2026-04-22 07:18:00,738 INFO epoch 36: train_loss=7.5210 val_loss=4.4259 tau=0.120 grad_max=899.04 grad_mean=371.31
2026-04-22 07:18:09,974 INFO epoch 37: train_loss=7.4540 val_loss=4.3593 tau=0.118 grad_max=787.72 grad_mean=374.74
2026-04-22 07:18:19,297 INFO epoch 38: train_loss=7.4736 val_loss=4.5845 tau=0.119 grad_max=854.35 grad_mean=361.04
2026-04-22 07:18:29,001 INFO epoch 39: train_loss=7.4186 val_loss=4.3732 tau=0.119 grad_max=739.21 grad_mean=368.58
2026-04-22 07:18:38,209 INFO epoch 40: train_loss=7.3889 val_loss=4.3171 tau=0.121 grad_max=885.25 grad_mean=339.83
2026-04-22 07:18:47,115 INFO epoch 41: train_loss=7.3955 val_loss=4.3485 tau=0.122 grad_max=855.35 grad_mean=349.58
2026-04-22 07:18:56,291 INFO epoch 42: train_loss=7.3602 val_loss=4.3373 tau=0.123 grad_max=729.04 grad_mean=340.70
2026-04-22 07:19:06,483 INFO epoch 43: train_loss=7.3345 val_loss=4.2014 tau=0.126 grad_max=1038.54 grad_mean=334.11
2026-04-22 07:19:16,659 INFO epoch 44: train_loss=7.2727 val_loss=4.1900 tau=0.131 grad_max=762.67 grad_mean=331.87
2026-04-22 07:19:33,968 INFO epoch 45: train_loss=7.2641 val_loss=4.1311 tau=0.135 grad_max=630.25 grad_mean=317.79
2026-04-22 07:19:45,559 INFO epoch 46: train_loss=7.2885 val_loss=4.2402 tau=0.140 grad_max=740.97 grad_mean=305.23
2026-04-22 07:19:55,914 INFO epoch 47: train_loss=7.2322 val_loss=4.2220 tau=0.138 grad_max=752.93 grad_mean=300.17
2026-04-22 07:20:05,514 INFO epoch 48: train_loss=7.2154 val_loss=4.2451 tau=0.141 grad_max=752.62 grad_mean=301.90
2026-04-22 07:20:16,336 INFO epoch 49: train_loss=7.1666 val_loss=3.9989 tau=0.141 grad_max=678.48 grad_mean=290.77
2026-04-22 07:20:25,687 INFO epoch 50: train_loss=7.1767 val_loss=4.1033 tau=0.141 grad_max=664.25 grad_mean=286.19
2026-04-22 07:20:37,365 INFO epoch 51: train_loss=7.2129 val_loss=4.0812 tau=0.142 grad_max=694.62 grad_mean=278.94
2026-04-22 07:20:46,427 INFO epoch 52: train_loss=7.0945 val_loss=4.0964 tau=0.134 grad_max=540.41 grad_mean=285.57
2026-04-22 07:20:54,915 INFO epoch 53: train_loss=7.0884 val_loss=4.1775 tau=0.130 grad_max=553.00 grad_mean=265.34
2026-04-22 07:21:04,018 INFO epoch 54: train_loss=7.0736 val_loss=4.0077 tau=0.127 grad_max=705.29 grad_mean=274.76
2026-04-22 07:21:13,767 INFO epoch 55: train_loss=7.0563 val_loss=4.0755 tau=0.126 grad_max=677.82 grad_mean=267.21
2026-04-22 07:21:23,359 INFO epoch 56: train_loss=7.0365 val_loss=4.2078 tau=0.128 grad_max=554.30 grad_mean=254.32
2026-04-22 07:21:33,016 INFO epoch 57: train_loss=7.0267 val_loss=3.8567 tau=0.128 grad_max=544.01 grad_mean=263.63
2026-04-22 07:21:42,323 INFO epoch 58: train_loss=7.0083 val_loss=3.9672 tau=0.129 grad_max=508.20 grad_mean=257.29
2026-04-22 07:21:51,812 INFO epoch 59: train_loss=6.9998 val_loss=3.8958 tau=0.128 grad_max=680.62 grad_mean=249.35
2026-04-22 07:22:01,410 INFO epoch 60: train_loss=6.9389 val_loss=3.8538 tau=0.126 grad_max=554.92 grad_mean=246.98
2026-04-22 07:22:10,726 INFO epoch 61: train_loss=6.9346 val_loss=3.9161 tau=0.125 grad_max=557.94 grad_mean=247.84
2026-04-22 07:22:20,120 INFO epoch 62: train_loss=6.9345 val_loss=3.8843 tau=0.126 grad_max=568.64 grad_mean=244.15
2026-04-22 07:22:30,886 INFO epoch 63: train_loss=6.9057 val_loss=3.8900 tau=0.125 grad_max=653.53 grad_mean=235.06
2026-04-22 07:22:39,979 INFO epoch 64: train_loss=6.8558 val_loss=3.8491 tau=0.120 grad_max=556.24 grad_mean=245.70
2026-04-22 07:22:48,828 INFO epoch 65: train_loss=6.8635 val_loss=3.8956 tau=0.122 grad_max=629.70 grad_mean=229.98
2026-04-22 07:22:57,926 INFO epoch 66: train_loss=6.8526 val_loss=4.1254 tau=0.123 grad_max=524.87 grad_mean=244.47
2026-04-22 07:23:08,049 INFO epoch 67: train_loss=6.8470 val_loss=3.9381 tau=0.122 grad_max=555.15 grad_mean=235.11
2026-04-22 07:23:18,112 INFO epoch 68: train_loss=6.8150 val_loss=4.0541 tau=0.121 grad_max=488.28 grad_mean=231.39
2026-04-22 07:23:27,420 INFO epoch 69: train_loss=6.7818 val_loss=3.7765 tau=0.120 grad_max=562.47 grad_mean=232.44
2026-04-22 07:23:36,805 INFO epoch 70: train_loss=6.7381 val_loss=4.0677 tau=0.117 grad_max=588.86 grad_mean=226.99
2026-04-22 07:23:45,572 INFO epoch 71: train_loss=6.7645 val_loss=3.9421 tau=0.119 grad_max=685.11 grad_mean=231.40
2026-04-22 07:23:54,312 INFO epoch 72: train_loss=6.7578 val_loss=3.6720 tau=0.121 grad_max=527.31 grad_mean=221.49
2026-04-22 07:24:02,913 INFO epoch 73: train_loss=6.7375 val_loss=3.6805 tau=0.122 grad_max=542.22 grad_mean=233.52
2026-04-22 07:24:11,246 INFO epoch 74: train_loss=6.7285 val_loss=3.7318 tau=0.124 grad_max=548.46 grad_mean=225.11
2026-04-22 07:24:19,506 INFO epoch 75: train_loss=6.7045 val_loss=3.6880 tau=0.122 grad_max=527.74 grad_mean=221.84
2026-04-22 07:24:28,166 INFO epoch 76: train_loss=6.6630 val_loss=3.6809 tau=0.117 grad_max=434.98 grad_mean=217.26
2026-04-22 07:24:36,951 INFO epoch 77: train_loss=6.6976 val_loss=3.6691 tau=0.117 grad_max=469.52 grad_mean=218.99
2026-04-22 07:24:45,883 INFO epoch 78: train_loss=6.6671 val_loss=3.7045 tau=0.116 grad_max=506.08 grad_mean=215.04
2026-04-22 07:24:54,750 INFO epoch 79: train_loss=6.6623 val_loss=3.7153 tau=0.116 grad_max=446.25 grad_mean=215.10
2026-04-22 07:25:04,143 INFO epoch 80: train_loss=6.6672 val_loss=3.8139 tau=0.119 grad_max=571.25 grad_mean=223.74
2026-04-22 07:25:12,953 INFO epoch 81: train_loss=6.6648 val_loss=3.6577 tau=0.117 grad_max=555.74 grad_mean=219.42
2026-04-22 07:25:21,869 INFO epoch 82: train_loss=6.6147 val_loss=3.6590 tau=0.116 grad_max=634.61 grad_mean=211.96
2026-04-22 07:25:33,802 INFO epoch 83: train_loss=6.5937 val_loss=3.7139 tau=0.117 grad_max=443.47 grad_mean=209.19
2026-04-22 07:25:44,843 INFO epoch 84: train_loss=6.5721 val_loss=3.5860 tau=0.118 grad_max=457.52 grad_mean=209.32
2026-04-22 07:25:55,209 INFO epoch 85: train_loss=6.5846 val_loss=3.5793 tau=0.119 grad_max=465.90 grad_mean=213.72
2026-04-22 07:26:05,500 INFO epoch 86: train_loss=6.5779 val_loss=3.5757 tau=0.120 grad_max=439.32 grad_mean=207.44
2026-04-22 07:26:15,656 INFO epoch 87: train_loss=6.5271 val_loss=3.6438 tau=0.119 grad_max=423.67 grad_mean=209.85
2026-04-22 07:26:25,609 INFO epoch 88: train_loss=6.5556 val_loss=3.5432 tau=0.121 grad_max=452.37 grad_mean=205.80
2026-04-22 07:26:37,265 INFO epoch 89: train_loss=6.4907 val_loss=3.5966 tau=0.118 grad_max=462.08 grad_mean=200.61
2026-04-22 07:26:49,288 INFO epoch 90: train_loss=6.4999 val_loss=3.5964 tau=0.121 grad_max=427.64 grad_mean=209.69
2026-04-22 07:27:02,080 INFO epoch 91: train_loss=6.5045 val_loss=3.5661 tau=0.122 grad_max=425.92 grad_mean=196.04
2026-04-22 07:27:13,470 INFO epoch 92: train_loss=6.4869 val_loss=3.6175 tau=0.123 grad_max=423.49 grad_mean=209.23
2026-04-22 07:27:25,115 INFO epoch 93: train_loss=6.4892 val_loss=3.6447 tau=0.124 grad_max=454.25 grad_mean=199.04
2026-04-22 07:27:37,528 INFO epoch 94: train_loss=6.4875 val_loss=3.5382 tau=0.124 grad_max=407.36 grad_mean=206.39
2026-04-22 07:27:50,430 INFO epoch 95: train_loss=6.4413 val_loss=3.5527 tau=0.122 grad_max=392.88 grad_mean=197.60
2026-04-22 07:28:02,213 INFO epoch 96: train_loss=6.4343 val_loss=3.5261 tau=0.121 grad_max=494.67 grad_mean=195.08
2026-04-22 07:28:14,807 INFO epoch 97: train_loss=6.4157 val_loss=3.5698 tau=0.120 grad_max=461.61 grad_mean=199.74
2026-04-22 07:28:27,373 INFO epoch 98: train_loss=6.4329 val_loss=3.5314 tau=0.121 grad_max=510.77 grad_mean=198.53
2026-04-22 07:28:39,777 INFO epoch 99: train_loss=6.4308 val_loss=3.4887 tau=0.122 grad_max=449.90 grad_mean=193.63
2026-04-22 07:28:53,620 INFO epoch 100: train_loss=6.3790 val_loss=3.4679 tau=0.119 grad_max=416.79 grad_mean=197.79
2026-04-22 07:29:07,221 INFO epoch 101: train_loss=6.3811 val_loss=3.4508 tau=0.120 grad_max=423.52 grad_mean=191.03
2026-04-22 07:29:19,219 INFO epoch 102: train_loss=6.3557 val_loss=3.4895 tau=0.118 grad_max=429.96 grad_mean=191.96
2026-04-22 07:29:31,705 INFO epoch 103: train_loss=6.3586 val_loss=3.4618 tau=0.118 grad_max=454.45 grad_mean=192.73
2026-04-22 07:29:44,069 INFO epoch 104: train_loss=6.3502 val_loss=3.4318 tau=0.117 grad_max=475.10 grad_mean=187.47
2026-04-22 07:29:56,818 INFO epoch 105: train_loss=6.3219 val_loss=3.3957 tau=0.117 grad_max=379.90 grad_mean=196.87
2026-04-22 07:30:09,714 INFO epoch 106: train_loss=6.3352 val_loss=3.5604 tau=0.115 grad_max=449.32 grad_mean=184.42
2026-04-22 07:30:23,967 INFO epoch 107: train_loss=6.2991 val_loss=3.4300 tau=0.116 grad_max=459.86 grad_mean=193.84
2026-04-22 07:30:39,061 INFO epoch 108: train_loss=6.2928 val_loss=3.4120 tau=0.115 grad_max=381.32 grad_mean=189.67
2026-04-22 07:30:55,144 INFO epoch 109: train_loss=6.2759 val_loss=3.4148 tau=0.114 grad_max=414.90 grad_mean=193.44
2026-04-22 07:31:10,867 INFO epoch 110: train_loss=6.2809 val_loss=3.4847 tau=0.115 grad_max=441.24 grad_mean=190.43
2026-04-22 07:31:21,761 INFO epoch 111: train_loss=6.3003 val_loss=3.3825 tau=0.112 grad_max=536.78 grad_mean=197.60
2026-04-22 07:31:31,831 INFO epoch 112: train_loss=6.2667 val_loss=3.3645 tau=0.111 grad_max=487.33 grad_mean=182.47
2026-04-22 07:31:41,739 INFO epoch 113: train_loss=6.2469 val_loss=3.3981 tau=0.111 grad_max=409.07 grad_mean=185.55
2026-04-22 07:31:51,350 INFO epoch 114: train_loss=6.2608 val_loss=3.3622 tau=0.111 grad_max=543.38 grad_mean=189.16
2026-04-22 07:32:01,130 INFO epoch 115: train_loss=6.2230 val_loss=3.3456 tau=0.111 grad_max=440.59 grad_mean=188.53
2026-04-22 07:32:11,476 INFO epoch 116: train_loss=6.2370 val_loss=3.3877 tau=0.109 grad_max=426.29 grad_mean=195.75
2026-04-22 07:32:22,523 INFO epoch 117: train_loss=6.2050 val_loss=3.3407 tau=0.108 grad_max=423.82 grad_mean=171.31
2026-04-22 07:32:33,291 INFO epoch 118: train_loss=6.2223 val_loss=3.3818 tau=0.111 grad_max=619.10 grad_mean=184.80
2026-04-22 07:32:43,779 INFO epoch 119: train_loss=6.1992 val_loss=3.3527 tau=0.109 grad_max=460.04 grad_mean=183.19
2026-04-22 07:32:55,413 INFO epoch 120: train_loss=6.1873 val_loss=3.3222 tau=0.109 grad_max=498.71 grad_mean=179.15
2026-04-22 07:33:09,521 INFO epoch 121: train_loss=6.1728 val_loss=3.3560 tau=0.109 grad_max=487.45 grad_mean=174.65
2026-04-22 07:33:24,250 INFO epoch 122: train_loss=6.1482 val_loss=3.3226 tau=0.109 grad_max=384.86 grad_mean=168.52
2026-04-22 07:33:37,740 INFO epoch 123: train_loss=6.1646 val_loss=3.3405 tau=0.107 grad_max=507.46 grad_mean=180.55
2026-04-22 07:33:53,189 INFO epoch 124: train_loss=6.1397 val_loss=3.3302 tau=0.108 grad_max=394.70 grad_mean=177.60
2026-04-22 07:34:06,502 INFO epoch 125: train_loss=6.1287 val_loss=3.3246 tau=0.109 grad_max=446.96 grad_mean=173.31
2026-04-22 07:34:18,644 INFO epoch 126: train_loss=6.1198 val_loss=3.3709 tau=0.109 grad_max=397.33 grad_mean=161.98
2026-04-22 07:34:27,887 INFO epoch 127: train_loss=6.1090 val_loss=3.3307 tau=0.109 grad_max=427.16 grad_mean=173.48
2026-04-22 07:34:37,351 INFO epoch 128: train_loss=6.1165 val_loss=3.2742 tau=0.110 grad_max=510.35 grad_mean=184.67
2026-04-22 07:34:47,363 INFO epoch 129: train_loss=6.1102 val_loss=3.2870 tau=0.110 grad_max=489.80 grad_mean=172.82
2026-04-22 07:35:05,541 INFO epoch 130: train_loss=6.0836 val_loss=3.2885 tau=0.109 grad_max=411.28 grad_mean=167.22
2026-04-22 07:35:15,665 INFO epoch 131: train_loss=6.0720 val_loss=3.2885 tau=0.109 grad_max=531.56 grad_mean=166.59
2026-04-22 07:35:26,146 INFO epoch 132: train_loss=6.0840 val_loss=3.2725 tau=0.110 grad_max=461.53 grad_mean=172.26
2026-04-22 07:35:36,516 INFO epoch 133: train_loss=6.0655 val_loss=3.2489 tau=0.108 grad_max=475.71 grad_mean=162.11
2026-04-22 07:35:46,636 INFO epoch 134: train_loss=6.0632 val_loss=3.2477 tau=0.107 grad_max=400.97 grad_mean=159.65
2026-04-22 07:35:56,025 INFO epoch 135: train_loss=6.0558 val_loss=3.2491 tau=0.107 grad_max=403.37 grad_mean=170.05
2026-04-22 07:36:06,134 INFO epoch 136: train_loss=6.0629 val_loss=3.2440 tau=0.107 grad_max=420.04 grad_mean=170.38
2026-04-22 07:36:16,199 INFO epoch 137: train_loss=6.0428 val_loss=3.2534 tau=0.106 grad_max=394.20 grad_mean=158.04
2026-04-22 07:36:25,738 INFO epoch 138: train_loss=6.0374 val_loss=3.2429 tau=0.105 grad_max=431.21 grad_mean=161.65
2026-04-22 07:36:35,025 INFO epoch 139: train_loss=6.0206 val_loss=3.2522 tau=0.105 grad_max=361.92 grad_mean=157.39
2026-04-22 07:36:45,369 INFO epoch 140: train_loss=6.0200 val_loss=3.2469 tau=0.105 grad_max=386.98 grad_mean=150.46
2026-04-22 07:36:54,588 INFO epoch 141: train_loss=6.0175 val_loss=3.2627 tau=0.106 grad_max=406.76 grad_mean=172.24
2026-04-22 07:37:03,160 INFO epoch 142: train_loss=6.0099 val_loss=3.2408 tau=0.105 grad_max=415.69 grad_mean=154.80
2026-04-22 07:37:11,299 INFO epoch 143: train_loss=5.9926 val_loss=3.2556 tau=0.104 grad_max=339.81 grad_mean=136.15
2026-04-22 07:37:19,215 INFO epoch 144: train_loss=5.9953 val_loss=3.2470 tau=0.104 grad_max=404.24 grad_mean=151.37
2026-04-22 07:37:27,315 INFO epoch 145: train_loss=5.9887 val_loss=3.2176 tau=0.105 grad_max=432.75 grad_mean=152.24
2026-04-22 07:37:35,572 INFO epoch 146: train_loss=5.9787 val_loss=3.2168 tau=0.105 grad_max=354.42 grad_mean=145.15
2026-04-22 07:37:43,465 INFO epoch 147: train_loss=5.9719 val_loss=3.2311 tau=0.102 grad_max=352.93 grad_mean=138.58
2026-04-22 07:37:51,642 INFO epoch 148: train_loss=5.9746 val_loss=3.2206 tau=0.101 grad_max=522.52 grad_mean=148.16
2026-04-22 07:37:59,485 INFO epoch 149: train_loss=5.9740 val_loss=3.2004 tau=0.101 grad_max=326.32 grad_mean=138.90
2026-04-22 07:38:07,540 INFO epoch 150: train_loss=5.9679 val_loss=3.2370 tau=0.102 grad_max=411.57 grad_mean=148.28
2026-04-22 07:38:16,184 INFO epoch 151: train_loss=5.9654 val_loss=3.2039 tau=0.104 grad_max=391.26 grad_mean=152.11
2026-04-22 07:38:24,284 INFO epoch 152: train_loss=5.9559 val_loss=3.1959 tau=0.104 grad_max=256.59 grad_mean=134.09
2026-04-22 07:38:32,444 INFO epoch 153: train_loss=5.9577 val_loss=3.2380 tau=0.104 grad_max=356.87 grad_mean=137.69
2026-04-22 07:38:40,762 INFO epoch 154: train_loss=5.9444 val_loss=3.2338 tau=0.104 grad_max=316.11 grad_mean=126.78
2026-04-22 07:38:49,196 INFO epoch 155: train_loss=5.9464 val_loss=3.2069 tau=0.104 grad_max=311.03 grad_mean=128.55
2026-04-22 07:38:58,544 INFO epoch 156: train_loss=5.9370 val_loss=3.1887 tau=0.104 grad_max=349.10 grad_mean=134.02
2026-04-22 07:39:07,337 INFO epoch 157: train_loss=5.9344 val_loss=3.1831 tau=0.103 grad_max=381.43 grad_mean=135.66
2026-04-22 07:39:15,753 INFO epoch 158: train_loss=5.9268 val_loss=3.1869 tau=0.104 grad_max=318.40 grad_mean=129.34
2026-04-22 07:39:23,828 INFO epoch 159: train_loss=5.9190 val_loss=3.1890 tau=0.104 grad_max=287.34 grad_mean=116.45
2026-04-22 07:39:32,448 INFO epoch 160: train_loss=5.9137 val_loss=3.1774 tau=0.103 grad_max=320.36 grad_mean=118.36
2026-04-22 07:39:40,576 INFO epoch 161: train_loss=5.9182 val_loss=3.1684 tau=0.103 grad_max=288.54 grad_mean=122.41
2026-04-22 07:39:48,356 INFO epoch 162: train_loss=5.9183 val_loss=3.1678 tau=0.103 grad_max=297.24 grad_mean=127.14
2026-04-22 07:39:55,742 INFO epoch 163: train_loss=5.9073 val_loss=3.1686 tau=0.102 grad_max=321.89 grad_mean=112.50
2026-04-22 07:40:03,404 INFO epoch 164: train_loss=5.9020 val_loss=3.1746 tau=0.102 grad_max=242.86 grad_mean=114.99
2026-04-22 07:40:11,117 INFO epoch 165: train_loss=5.9038 val_loss=3.1636 tau=0.103 grad_max=296.96 grad_mean=126.67
2026-04-22 07:40:19,135 INFO epoch 166: train_loss=5.8955 val_loss=3.1671 tau=0.103 grad_max=260.89 grad_mean=108.15
2026-04-22 07:40:27,108 INFO epoch 167: train_loss=5.8940 val_loss=3.1574 tau=0.103 grad_max=218.08 grad_mean=106.92
2026-04-22 07:40:34,988 INFO epoch 168: train_loss=5.8891 val_loss=3.1602 tau=0.103 grad_max=271.51 grad_mean=109.70
2026-04-22 07:40:42,966 INFO epoch 169: train_loss=5.8894 val_loss=3.1677 tau=0.102 grad_max=213.11 grad_mean=100.56
2026-04-22 07:40:50,719 INFO epoch 170: train_loss=5.8872 val_loss=3.1634 tau=0.102 grad_max=298.11 grad_mean=107.65
2026-04-22 07:40:58,362 INFO epoch 171: train_loss=5.8830 val_loss=3.1785 tau=0.101 grad_max=220.93 grad_mean=105.96
2026-04-22 07:41:06,342 INFO epoch 172: train_loss=5.8783 val_loss=3.1610 tau=0.101 grad_max=205.98 grad_mean=99.39
2026-04-22 07:41:14,184 INFO epoch 173: train_loss=5.8739 val_loss=3.1611 tau=0.101 grad_max=215.69 grad_mean=94.35
2026-04-22 07:41:21,870 INFO epoch 174: train_loss=5.8720 val_loss=3.1561 tau=0.101 grad_max=331.79 grad_mean=96.97
2026-04-22 07:41:29,647 INFO epoch 175: train_loss=5.8723 val_loss=3.1559 tau=0.101 grad_max=219.50 grad_mean=94.56
2026-04-22 07:41:38,579 INFO epoch 176: train_loss=5.8712 val_loss=3.1577 tau=0.101 grad_max=251.03 grad_mean=91.87
2026-04-22 07:41:47,791 INFO epoch 177: train_loss=5.8638 val_loss=3.1590 tau=0.101 grad_max=172.27 grad_mean=90.84
2026-04-22 07:41:55,987 INFO epoch 178: train_loss=5.8626 val_loss=3.1508 tau=0.100 grad_max=193.46 grad_mean=89.36
2026-04-22 07:42:04,185 INFO epoch 179: train_loss=5.8648 val_loss=3.1482 tau=0.100 grad_max=216.25 grad_mean=93.14
2026-04-22 07:42:13,415 INFO epoch 180: train_loss=5.8630 val_loss=3.1527 tau=0.100 grad_max=204.05 grad_mean=87.11
2026-04-22 07:42:21,561 INFO epoch 181: train_loss=5.8623 val_loss=3.1506 tau=0.100 grad_max=216.81 grad_mean=84.86
2026-04-22 07:42:30,252 INFO epoch 182: train_loss=5.8583 val_loss=3.1487 tau=0.100 grad_max=188.47 grad_mean=80.80
2026-04-22 07:42:38,959 INFO epoch 183: train_loss=5.8605 val_loss=3.1461 tau=0.100 grad_max=193.03 grad_mean=86.29
2026-04-22 07:42:48,008 INFO epoch 184: train_loss=5.8538 val_loss=3.1475 tau=0.099 grad_max=156.45 grad_mean=74.40
2026-04-22 07:42:56,995 INFO epoch 185: train_loss=5.8563 val_loss=3.1495 tau=0.099 grad_max=183.58 grad_mean=83.14
2026-04-22 07:43:05,039 INFO epoch 186: train_loss=5.8532 val_loss=3.1501 tau=0.099 grad_max=190.42 grad_mean=80.15
2026-04-22 07:43:13,312 INFO epoch 187: train_loss=5.8510 val_loss=3.1439 tau=0.099 grad_max=181.28 grad_mean=75.92
2026-04-22 07:43:21,615 INFO epoch 188: train_loss=5.8509 val_loss=3.1471 tau=0.099 grad_max=194.34 grad_mean=76.66
2026-04-22 07:43:29,613 INFO epoch 189: train_loss=5.8498 val_loss=3.1478 tau=0.099 grad_max=162.37 grad_mean=75.72
2026-04-22 07:43:37,756 INFO epoch 190: train_loss=5.8505 val_loss=3.1480 tau=0.099 grad_max=189.15 grad_mean=74.50
2026-04-22 07:43:45,911 INFO epoch 191: train_loss=5.8462 val_loss=3.1483 tau=0.099 grad_max=153.23 grad_mean=73.58
2026-04-22 07:43:54,366 INFO epoch 192: train_loss=5.8447 val_loss=3.1476 tau=0.099 grad_max=138.12 grad_mean=69.14
2026-04-22 07:44:03,507 INFO epoch 193: train_loss=5.8476 val_loss=3.1450 tau=0.099 grad_max=139.74 grad_mean=66.82
2026-04-22 07:44:12,715 INFO epoch 194: train_loss=5.8419 val_loss=3.1440 tau=0.099 grad_max=154.65 grad_mean=65.91
2026-04-22 07:44:22,213 INFO epoch 195: train_loss=5.8453 val_loss=3.1431 tau=0.099 grad_max=159.20 grad_mean=67.10
2026-04-22 07:44:33,185 INFO epoch 196: train_loss=5.8446 val_loss=3.1436 tau=0.099 grad_max=163.49 grad_mean=66.95
2026-04-22 07:44:44,775 INFO epoch 197: train_loss=5.8429 val_loss=3.1432 tau=0.099 grad_max=164.20 grad_mean=64.84
2026-04-22 07:44:55,713 INFO epoch 198: train_loss=5.8446 val_loss=3.1437 tau=0.099 grad_max=145.19 grad_mean=63.70
2026-04-22 07:45:07,220 INFO epoch 199: train_loss=5.8447 val_loss=3.1436 tau=0.099 grad_max=119.15 grad_mean=62.00
2026-04-22 07:45:07,333 INFO member seed=0: best_val_loss=3.1431 at epoch 195
2026-04-22 07:45:07,345 INFO joint ensemble done: mean val loss=3.1431, spread=0.0000, 1 members
