2026-04-22 01:12:53,985 INFO run_dir=/home/aneitzel/projects/ArqueoGal/models/main/xp_abundances/20260422_38a993e_b07a5e3_xp_joint cfg_hash=b07a5e3 sha=38a993e input_dim=110 labels=('teff_apogee', 'logg_apogee', 'mh_apogee', 'alpha_m_apogee', 'mg_h_apogee') queue=8192 barlow=1.0
2026-04-22 01:12:54,176 INFO device=cuda
2026-04-22 01:13:03,170 INFO dropping 13906/292948 rows with NaN in XP features
2026-04-22 01:13:04,006 INFO fit label scaler on 195295 train stars — Teff mean=4614.9 scale=267.5, logg mean=2.36 scale=0.52, [M/H] mean=-0.26 scale=0.34
2026-04-22 01:13:07,333 INFO momentum queue enabled: size=8192, D=32, n_labels=5, warm_start=True
2026-04-22 01:13:25,800 INFO epoch 0: train_loss=8.7209 val_loss=4.9336 tau=0.098 grad_max=229.27 grad_mean=5.29
2026-04-22 01:13:26,540 INFO first-epoch sanity teff_apogee: mean_pred=4638 mean_truth=4615 std_truth=267.6 dev=23.36
2026-04-22 01:13:26,540 INFO first-epoch sanity logg_apogee: mean_pred=2.44 mean_truth=2.362 std_truth=0.5159 dev=0.07844
2026-04-22 01:13:26,541 INFO first-epoch sanity mh_apogee: mean_pred=-0.2033 mean_truth=-0.2572 std_truth=0.3443 dev=0.05396
2026-04-22 01:13:26,541 INFO first-epoch sanity alpha_m_apogee: mean_pred=0.07672 mean_truth=0.0866 std_truth=0.09543 dev=0.00988
2026-04-22 01:13:26,542 INFO first-epoch sanity mg_h_apogee: mean_pred=-0.1041 mean_truth=-0.1514 std_truth=0.2902 dev=0.04728
2026-04-22 01:13:37,514 INFO epoch 1: train_loss=7.7139 val_loss=4.4859 tau=0.096 grad_max=10.42 grad_mean=4.72
2026-04-22 01:13:47,876 INFO epoch 2: train_loss=7.3453 val_loss=4.2429 tau=0.093 grad_max=14.24 grad_mean=5.56
2026-04-22 01:13:58,674 INFO epoch 3: train_loss=7.1020 val_loss=4.0819 tau=0.090 grad_max=12.44 grad_mean=5.94
2026-04-22 01:14:09,433 INFO epoch 4: train_loss=6.9297 val_loss=3.9433 tau=0.086 grad_max=14.44 grad_mean=6.62
2026-04-22 01:14:20,864 INFO epoch 5: train_loss=6.7866 val_loss=3.8444 tau=0.083 grad_max=14.74 grad_mean=7.12
2026-04-22 01:14:31,726 INFO epoch 6: train_loss=6.6706 val_loss=3.7641 tau=0.080 grad_max=17.65 grad_mean=7.32
2026-04-22 01:14:42,154 INFO epoch 7: train_loss=6.5750 val_loss=3.6930 tau=0.077 grad_max=14.22 grad_mean=7.57
2026-04-22 01:14:52,247 INFO epoch 8: train_loss=6.4954 val_loss=3.6444 tau=0.075 grad_max=17.52 grad_mean=7.81
2026-04-22 01:15:02,820 INFO epoch 9: train_loss=6.4231 val_loss=3.5887 tau=0.074 grad_max=18.48 grad_mean=8.07
2026-04-22 01:15:12,516 INFO epoch 10: train_loss=6.3624 val_loss=3.5550 tau=0.073 grad_max=15.68 grad_mean=7.99
2026-04-22 01:15:22,710 INFO epoch 11: train_loss=6.3177 val_loss=3.5158 tau=0.073 grad_max=23.56 grad_mean=8.10
2026-04-22 01:15:32,823 INFO epoch 12: train_loss=6.2733 val_loss=3.4700 tau=0.072 grad_max=19.85 grad_mean=8.01
2026-04-22 01:15:41,897 INFO epoch 13: train_loss=6.2281 val_loss=3.4494 tau=0.075 grad_max=16.03 grad_mean=7.93
2026-04-22 01:15:51,367 INFO epoch 14: train_loss=6.1923 val_loss=3.4351 tau=0.077 grad_max=17.13 grad_mean=7.88
2026-04-22 01:16:01,032 INFO epoch 15: train_loss=6.1695 val_loss=3.4244 tau=0.081 grad_max=15.52 grad_mean=7.74
2026-04-22 01:16:11,681 INFO epoch 16: train_loss=6.1458 val_loss=3.3895 tau=0.085 grad_max=17.55 grad_mean=7.32
2026-04-22 01:16:20,448 INFO epoch 17: train_loss=6.1236 val_loss=3.4106 tau=0.088 grad_max=16.74 grad_mean=7.20
2026-04-22 01:16:29,044 INFO epoch 18: train_loss=6.1055 val_loss=3.3364 tau=0.092 grad_max=13.77 grad_mean=6.84
2026-04-22 01:16:38,082 INFO epoch 19: train_loss=6.0885 val_loss=3.3447 tau=0.092 grad_max=14.04 grad_mean=6.45
2026-04-22 01:16:47,064 INFO epoch 20: train_loss=6.0726 val_loss=3.3222 tau=0.097 grad_max=11.52 grad_mean=6.18
2026-04-22 01:16:55,979 INFO epoch 21: train_loss=6.0564 val_loss=3.3457 tau=0.099 grad_max=14.25 grad_mean=5.69
2026-04-22 01:17:04,887 INFO epoch 22: train_loss=6.0459 val_loss=3.3271 tau=0.098 grad_max=14.13 grad_mean=5.59
2026-04-22 01:17:14,303 INFO epoch 23: train_loss=6.0323 val_loss=3.3620 tau=0.099 grad_max=10.09 grad_mean=5.20
2026-04-22 01:17:23,539 INFO epoch 24: train_loss=6.0193 val_loss=3.2994 tau=0.099 grad_max=10.24 grad_mean=4.96
2026-04-22 01:17:32,810 INFO epoch 25: train_loss=6.0065 val_loss=3.2868 tau=0.102 grad_max=8.92 grad_mean=4.74
2026-04-22 01:17:42,204 INFO epoch 26: train_loss=5.9937 val_loss=3.2905 tau=0.100 grad_max=8.46 grad_mean=4.54
2026-04-22 01:17:51,477 INFO epoch 27: train_loss=5.9810 val_loss=3.2753 tau=0.100 grad_max=7.84 grad_mean=4.30
2026-04-22 01:18:00,616 INFO epoch 28: train_loss=5.9678 val_loss=3.2694 tau=0.100 grad_max=8.47 grad_mean=4.10
2026-04-22 01:18:10,496 INFO epoch 29: train_loss=5.9570 val_loss=3.2520 tau=0.100 grad_max=7.70 grad_mean=3.89
2026-04-22 01:18:20,289 INFO epoch 30: train_loss=5.9450 val_loss=3.2435 tau=0.102 grad_max=7.34 grad_mean=3.80
2026-04-22 01:18:29,306 INFO epoch 31: train_loss=5.9297 val_loss=3.2569 tau=0.101 grad_max=6.44 grad_mean=3.67
2026-04-22 01:18:38,456 INFO epoch 32: train_loss=5.9158 val_loss=3.2402 tau=0.102 grad_max=7.23 grad_mean=3.63
2026-04-22 01:18:47,094 INFO epoch 33: train_loss=5.9104 val_loss=3.2482 tau=0.101 grad_max=5.85 grad_mean=3.41
2026-04-22 01:18:56,051 INFO epoch 34: train_loss=5.8978 val_loss=3.2311 tau=0.102 grad_max=5.93 grad_mean=3.37
2026-04-22 01:19:04,937 INFO epoch 35: train_loss=5.8833 val_loss=3.2162 tau=0.101 grad_max=6.36 grad_mean=3.23
2026-04-22 01:19:13,576 INFO epoch 36: train_loss=5.8769 val_loss=3.2125 tau=0.100 grad_max=5.92 grad_mean=3.23
2026-04-22 01:19:22,485 INFO epoch 37: train_loss=5.8671 val_loss=3.2332 tau=0.098 grad_max=6.03 grad_mean=3.17
2026-04-22 01:19:31,233 INFO epoch 38: train_loss=5.8595 val_loss=3.2012 tau=0.099 grad_max=5.48 grad_mean=3.16
2026-04-22 01:19:40,404 INFO epoch 39: train_loss=5.8569 val_loss=3.2108 tau=0.098 grad_max=6.53 grad_mean=3.01
2026-04-22 01:19:48,657 INFO epoch 40: train_loss=5.8485 val_loss=3.1822 tau=0.097 grad_max=5.07 grad_mean=3.04
2026-04-22 01:19:57,571 INFO epoch 41: train_loss=5.8411 val_loss=3.2054 tau=0.098 grad_max=5.82 grad_mean=2.95
2026-04-22 01:20:06,274 INFO epoch 42: train_loss=5.8366 val_loss=3.1938 tau=0.097 grad_max=4.96 grad_mean=2.90
2026-04-22 01:20:14,476 INFO epoch 43: train_loss=5.8263 val_loss=3.2172 tau=0.098 grad_max=5.29 grad_mean=2.85
2026-04-22 01:20:23,584 INFO epoch 44: train_loss=5.8224 val_loss=3.1775 tau=0.098 grad_max=5.16 grad_mean=2.83
2026-04-22 01:20:32,352 INFO epoch 45: train_loss=5.8150 val_loss=3.1836 tau=0.097 grad_max=5.01 grad_mean=2.78
2026-04-22 01:20:41,162 INFO epoch 46: train_loss=5.8110 val_loss=3.1817 tau=0.098 grad_max=4.91 grad_mean=2.76
2026-04-22 01:20:51,178 INFO epoch 47: train_loss=5.8041 val_loss=3.1797 tau=0.097 grad_max=7.15 grad_mean=2.75
2026-04-22 01:21:02,320 INFO epoch 48: train_loss=5.8024 val_loss=3.2041 tau=0.098 grad_max=4.93 grad_mean=2.72
2026-04-22 01:21:13,028 INFO epoch 49: train_loss=5.7930 val_loss=3.1680 tau=0.098 grad_max=5.89 grad_mean=2.66
2026-04-22 01:21:22,851 INFO epoch 50: train_loss=5.7932 val_loss=3.1768 tau=0.096 grad_max=4.96 grad_mean=2.61
2026-04-22 01:21:32,268 INFO epoch 51: train_loss=5.7867 val_loss=3.1611 tau=0.097 grad_max=5.60 grad_mean=2.58
2026-04-22 01:21:42,152 INFO epoch 52: train_loss=5.7804 val_loss=3.1737 tau=0.098 grad_max=4.04 grad_mean=2.58
2026-04-22 01:21:51,779 INFO epoch 53: train_loss=5.7794 val_loss=3.1603 tau=0.097 grad_max=5.29 grad_mean=2.52
2026-04-22 01:22:00,652 INFO epoch 54: train_loss=5.7743 val_loss=3.1548 tau=0.098 grad_max=4.64 grad_mean=2.53
2026-04-22 01:22:09,674 INFO epoch 55: train_loss=5.7712 val_loss=3.1753 tau=0.098 grad_max=4.37 grad_mean=2.53
2026-04-22 01:22:18,661 INFO epoch 56: train_loss=5.7674 val_loss=3.1747 tau=0.100 grad_max=5.76 grad_mean=2.50
2026-04-22 01:22:28,643 INFO epoch 57: train_loss=5.7643 val_loss=3.1465 tau=0.099 grad_max=4.22 grad_mean=2.46
2026-04-22 01:22:38,367 INFO epoch 58: train_loss=5.7593 val_loss=3.1535 tau=0.097 grad_max=3.98 grad_mean=2.46
2026-04-22 01:22:49,026 INFO epoch 59: train_loss=5.7525 val_loss=3.1462 tau=0.098 grad_max=4.14 grad_mean=2.43
2026-04-22 01:22:59,629 INFO epoch 60: train_loss=5.7537 val_loss=3.1328 tau=0.098 grad_max=5.04 grad_mean=2.43
2026-04-22 01:23:09,990 INFO epoch 61: train_loss=5.7541 val_loss=3.1495 tau=0.098 grad_max=4.12 grad_mean=2.39
2026-04-22 01:23:19,555 INFO epoch 62: train_loss=5.7476 val_loss=3.1360 tau=0.099 grad_max=3.39 grad_mean=2.37
2026-04-22 01:23:28,818 INFO epoch 63: train_loss=5.7402 val_loss=3.1360 tau=0.097 grad_max=5.04 grad_mean=2.39
2026-04-22 01:23:39,108 INFO epoch 64: train_loss=5.7362 val_loss=3.1434 tau=0.096 grad_max=4.19 grad_mean=2.35
2026-04-22 01:23:48,709 INFO epoch 65: train_loss=5.7334 val_loss=3.1388 tau=0.098 grad_max=3.82 grad_mean=2.29
2026-04-22 01:23:58,052 INFO epoch 66: train_loss=5.7335 val_loss=3.1278 tau=0.097 grad_max=5.24 grad_mean=2.31
2026-04-22 01:24:07,474 INFO epoch 67: train_loss=5.7297 val_loss=3.1434 tau=0.096 grad_max=3.90 grad_mean=2.31
2026-04-22 01:24:16,198 INFO epoch 68: train_loss=5.7273 val_loss=3.1307 tau=0.095 grad_max=4.82 grad_mean=2.30
2026-04-22 01:24:25,457 INFO epoch 69: train_loss=5.7208 val_loss=3.1441 tau=0.095 grad_max=5.22 grad_mean=2.29
2026-04-22 01:24:34,581 INFO epoch 70: train_loss=5.7133 val_loss=3.1218 tau=0.095 grad_max=4.22 grad_mean=2.30
2026-04-22 01:24:43,414 INFO epoch 71: train_loss=5.7085 val_loss=3.1394 tau=0.094 grad_max=3.98 grad_mean=2.30
2026-04-22 01:24:52,361 INFO epoch 72: train_loss=5.7102 val_loss=3.1259 tau=0.094 grad_max=4.75 grad_mean=2.23
2026-04-22 01:25:01,561 INFO epoch 73: train_loss=5.7044 val_loss=3.1157 tau=0.094 grad_max=3.89 grad_mean=2.25
2026-04-22 01:25:10,708 INFO epoch 74: train_loss=5.7005 val_loss=3.1209 tau=0.095 grad_max=4.41 grad_mean=2.25
2026-04-22 01:25:19,676 INFO epoch 75: train_loss=5.6991 val_loss=3.1224 tau=0.096 grad_max=4.28 grad_mean=2.28
2026-04-22 01:25:28,926 INFO epoch 76: train_loss=5.6904 val_loss=3.1170 tau=0.093 grad_max=4.53 grad_mean=2.21
2026-04-22 01:25:38,124 INFO epoch 77: train_loss=5.6908 val_loss=3.1309 tau=0.093 grad_max=3.74 grad_mean=2.18
2026-04-22 01:25:47,298 INFO epoch 78: train_loss=5.6870 val_loss=3.1275 tau=0.093 grad_max=3.85 grad_mean=2.22
2026-04-22 01:25:58,166 INFO epoch 79: train_loss=5.6872 val_loss=3.1218 tau=0.094 grad_max=5.46 grad_mean=2.19
2026-04-22 01:26:10,087 INFO epoch 80: train_loss=5.6831 val_loss=3.1184 tau=0.092 grad_max=3.69 grad_mean=2.15
2026-04-22 01:26:20,903 INFO epoch 81: train_loss=5.6782 val_loss=3.1386 tau=0.092 grad_max=3.74 grad_mean=2.19
2026-04-22 01:26:30,696 INFO epoch 82: train_loss=5.6793 val_loss=3.1232 tau=0.091 grad_max=3.28 grad_mean=2.15
2026-04-22 01:26:40,275 INFO epoch 83: train_loss=5.6741 val_loss=3.1235 tau=0.093 grad_max=4.43 grad_mean=2.17
2026-04-22 01:26:49,524 INFO epoch 84: train_loss=5.6716 val_loss=3.1121 tau=0.093 grad_max=4.91 grad_mean=2.18
2026-04-22 01:26:59,392 INFO epoch 85: train_loss=5.6685 val_loss=3.1187 tau=0.094 grad_max=3.33 grad_mean=2.14
2026-04-22 01:27:09,240 INFO epoch 86: train_loss=5.6693 val_loss=3.1099 tau=0.093 grad_max=3.61 grad_mean=2.16
2026-04-22 01:27:19,160 INFO epoch 87: train_loss=5.6645 val_loss=3.1168 tau=0.092 grad_max=4.04 grad_mean=2.15
2026-04-22 01:27:29,049 INFO epoch 88: train_loss=5.6612 val_loss=3.1228 tau=0.092 grad_max=3.81 grad_mean=2.14
2026-04-22 01:27:38,868 INFO epoch 89: train_loss=5.6604 val_loss=3.1164 tau=0.091 grad_max=3.62 grad_mean=2.16
2026-04-22 01:27:48,763 INFO epoch 90: train_loss=5.6586 val_loss=3.1128 tau=0.091 grad_max=4.51 grad_mean=2.17
2026-04-22 01:27:59,714 INFO epoch 91: train_loss=5.6627 val_loss=3.1202 tau=0.091 grad_max=3.88 grad_mean=2.11
2026-04-22 01:28:10,160 INFO epoch 92: train_loss=5.6514 val_loss=3.1119 tau=0.091 grad_max=3.56 grad_mean=2.13
2026-04-22 01:28:20,041 INFO epoch 93: train_loss=5.6521 val_loss=3.1021 tau=0.090 grad_max=3.51 grad_mean=2.16
2026-04-22 01:28:29,633 INFO epoch 94: train_loss=5.6471 val_loss=3.1026 tau=0.090 grad_max=3.77 grad_mean=2.11
2026-04-22 01:28:39,594 INFO epoch 95: train_loss=5.6489 val_loss=3.1050 tau=0.091 grad_max=4.16 grad_mean=2.11
2026-04-22 01:28:48,344 INFO epoch 96: train_loss=5.6466 val_loss=3.0996 tau=0.090 grad_max=4.28 grad_mean=2.10
2026-04-22 01:28:57,151 INFO epoch 97: train_loss=5.6457 val_loss=3.0937 tau=0.090 grad_max=4.40 grad_mean=2.15
2026-04-22 01:29:05,940 INFO epoch 98: train_loss=5.6426 val_loss=3.1115 tau=0.089 grad_max=4.07 grad_mean=2.08
2026-04-22 01:29:14,727 INFO epoch 99: train_loss=5.6374 val_loss=3.0980 tau=0.088 grad_max=3.59 grad_mean=2.09
2026-04-22 01:29:25,770 INFO epoch 100: train_loss=5.6379 val_loss=3.1008 tau=0.091 grad_max=3.25 grad_mean=2.07
2026-04-22 01:29:35,513 INFO epoch 101: train_loss=5.6353 val_loss=3.0981 tau=0.090 grad_max=4.42 grad_mean=2.11
2026-04-22 01:29:45,192 INFO epoch 102: train_loss=5.6355 val_loss=3.1089 tau=0.090 grad_max=4.07 grad_mean=2.07
2026-04-22 01:29:54,717 INFO epoch 103: train_loss=5.6316 val_loss=3.1039 tau=0.089 grad_max=3.47 grad_mean=2.08
2026-04-22 01:30:04,560 INFO epoch 104: train_loss=5.6289 val_loss=3.1033 tau=0.090 grad_max=3.97 grad_mean=2.08
2026-04-22 01:30:13,897 INFO epoch 105: train_loss=5.6239 val_loss=3.1111 tau=0.090 grad_max=3.22 grad_mean=2.06
2026-04-22 01:30:23,303 INFO epoch 106: train_loss=5.6214 val_loss=3.0955 tau=0.090 grad_max=3.60 grad_mean=2.05
2026-04-22 01:30:33,066 INFO epoch 107: train_loss=5.6214 val_loss=3.0964 tau=0.090 grad_max=3.15 grad_mean=2.05
2026-04-22 01:30:43,692 INFO epoch 108: train_loss=5.6220 val_loss=3.1057 tau=0.090 grad_max=3.35 grad_mean=2.07
2026-04-22 01:30:56,595 INFO epoch 109: train_loss=5.6136 val_loss=3.0976 tau=0.091 grad_max=4.11 grad_mean=2.08
2026-04-22 01:31:09,808 INFO epoch 110: train_loss=5.6162 val_loss=3.0874 tau=0.090 grad_max=4.26 grad_mean=2.07
2026-04-22 01:31:21,604 INFO epoch 111: train_loss=5.6138 val_loss=3.0961 tau=0.090 grad_max=4.43 grad_mean=2.10
2026-04-22 01:31:33,317 INFO epoch 112: train_loss=5.6094 val_loss=3.0972 tau=0.089 grad_max=3.88 grad_mean=2.11
2026-04-22 01:31:43,839 INFO epoch 113: train_loss=5.6096 val_loss=3.0921 tau=0.091 grad_max=4.29 grad_mean=2.08
2026-04-22 01:31:54,322 INFO epoch 114: train_loss=5.6093 val_loss=3.0855 tau=0.091 grad_max=3.85 grad_mean=2.08
2026-04-22 01:32:05,030 INFO epoch 115: train_loss=5.6086 val_loss=3.0921 tau=0.091 grad_max=3.67 grad_mean=2.07
2026-04-22 01:32:16,586 INFO epoch 116: train_loss=5.6062 val_loss=3.0962 tau=0.090 grad_max=3.28 grad_mean=2.04
2026-04-22 01:32:28,273 INFO epoch 117: train_loss=5.6080 val_loss=3.0941 tau=0.091 grad_max=4.13 grad_mean=2.06
2026-04-22 01:32:40,233 INFO epoch 118: train_loss=5.6095 val_loss=3.0980 tau=0.090 grad_max=3.81 grad_mean=2.05
2026-04-22 01:32:53,141 INFO epoch 119: train_loss=5.6017 val_loss=3.0961 tau=0.089 grad_max=3.51 grad_mean=2.05
2026-04-22 01:33:06,358 INFO epoch 120: train_loss=5.6041 val_loss=3.0949 tau=0.089 grad_max=3.78 grad_mean=2.07
2026-04-22 01:33:17,648 INFO epoch 121: train_loss=5.5996 val_loss=3.0855 tau=0.090 grad_max=3.84 grad_mean=2.05
2026-04-22 01:33:27,963 INFO epoch 122: train_loss=5.5983 val_loss=3.0840 tau=0.090 grad_max=3.92 grad_mean=2.06
2026-04-22 01:33:37,765 INFO epoch 123: train_loss=5.5975 val_loss=3.0910 tau=0.090 grad_max=4.06 grad_mean=2.07
2026-04-22 01:33:47,541 INFO epoch 124: train_loss=5.5897 val_loss=3.0836 tau=0.089 grad_max=3.85 grad_mean=2.05
2026-04-22 01:33:57,081 INFO epoch 125: train_loss=5.5936 val_loss=3.0900 tau=0.089 grad_max=3.57 grad_mean=2.03
2026-04-22 01:34:07,236 INFO epoch 126: train_loss=5.5910 val_loss=3.0913 tau=0.089 grad_max=3.36 grad_mean=2.04
2026-04-22 01:34:17,345 INFO epoch 127: train_loss=5.5827 val_loss=3.0764 tau=0.088 grad_max=3.51 grad_mean=2.02
2026-04-22 01:34:26,740 INFO epoch 128: train_loss=5.5843 val_loss=3.0841 tau=0.088 grad_max=3.74 grad_mean=2.07
2026-04-22 01:34:36,226 INFO epoch 129: train_loss=5.5796 val_loss=3.0798 tau=0.088 grad_max=3.45 grad_mean=2.05
2026-04-22 01:34:46,522 INFO epoch 130: train_loss=5.5770 val_loss=3.0789 tau=0.088 grad_max=3.54 grad_mean=2.07
2026-04-22 01:34:57,012 INFO epoch 131: train_loss=5.5745 val_loss=3.0829 tau=0.088 grad_max=3.77 grad_mean=2.04
2026-04-22 01:35:08,950 INFO epoch 132: train_loss=5.5770 val_loss=3.0773 tau=0.088 grad_max=3.82 grad_mean=2.05
2026-04-22 01:35:20,447 INFO epoch 133: train_loss=5.5735 val_loss=3.0766 tau=0.089 grad_max=3.88 grad_mean=2.03
2026-04-22 01:35:31,169 INFO epoch 134: train_loss=5.5763 val_loss=3.0835 tau=0.089 grad_max=3.33 grad_mean=2.05
2026-04-22 01:35:42,785 INFO epoch 135: train_loss=5.5709 val_loss=3.0844 tau=0.089 grad_max=3.23 grad_mean=2.03
2026-04-22 01:35:54,615 INFO epoch 136: train_loss=5.5738 val_loss=3.0750 tau=0.089 grad_max=3.76 grad_mean=2.04
2026-04-22 01:36:06,765 INFO epoch 137: train_loss=5.5691 val_loss=3.0850 tau=0.088 grad_max=3.43 grad_mean=2.03
2026-04-22 01:36:17,820 INFO epoch 138: train_loss=5.5682 val_loss=3.0794 tau=0.088 grad_max=3.99 grad_mean=2.06
2026-04-22 01:36:28,481 INFO epoch 139: train_loss=5.5724 val_loss=3.0745 tau=0.088 grad_max=4.04 grad_mean=2.02
2026-04-22 01:36:37,944 INFO epoch 140: train_loss=5.5681 val_loss=3.0776 tau=0.088 grad_max=4.35 grad_mean=2.01
2026-04-22 01:36:47,261 INFO epoch 141: train_loss=5.5666 val_loss=3.0778 tau=0.089 grad_max=3.59 grad_mean=2.02
2026-04-22 01:36:56,813 INFO epoch 142: train_loss=5.5703 val_loss=3.0754 tau=0.088 grad_max=3.55 grad_mean=2.01
2026-04-22 01:37:07,349 INFO epoch 143: train_loss=5.5661 val_loss=3.0822 tau=0.089 grad_max=3.42 grad_mean=1.99
2026-04-22 01:37:17,903 INFO epoch 144: train_loss=5.5667 val_loss=3.0835 tau=0.089 grad_max=4.19 grad_mean=2.03
2026-04-22 01:37:27,205 INFO epoch 145: train_loss=5.5660 val_loss=3.0763 tau=0.090 grad_max=3.84 grad_mean=2.05
2026-04-22 01:37:35,901 INFO epoch 146: train_loss=5.5609 val_loss=3.0781 tau=0.088 grad_max=3.65 grad_mean=1.99
2026-04-22 01:37:44,917 INFO epoch 147: train_loss=5.5597 val_loss=3.0848 tau=0.088 grad_max=3.48 grad_mean=2.02
2026-04-22 01:37:53,676 INFO epoch 148: train_loss=5.5593 val_loss=3.0810 tau=0.089 grad_max=3.61 grad_mean=2.07
2026-04-22 01:38:02,948 INFO epoch 149: train_loss=5.5600 val_loss=3.0847 tau=0.090 grad_max=4.18 grad_mean=2.01
2026-04-22 01:38:12,034 INFO epoch 150: train_loss=5.5566 val_loss=3.0846 tau=0.090 grad_max=3.82 grad_mean=2.02
2026-04-22 01:38:22,586 INFO epoch 151: train_loss=5.5501 val_loss=3.0772 tau=0.090 grad_max=3.64 grad_mean=2.00
2026-04-22 01:38:32,972 INFO epoch 152: train_loss=5.5556 val_loss=3.0795 tau=0.091 grad_max=4.25 grad_mean=2.03
2026-04-22 01:38:42,586 INFO epoch 153: train_loss=5.5531 val_loss=3.0883 tau=0.090 grad_max=3.52 grad_mean=1.99
2026-04-22 01:38:51,841 INFO epoch 154: train_loss=5.5531 val_loss=3.0731 tau=0.090 grad_max=3.86 grad_mean=2.00
2026-04-22 01:39:01,255 INFO epoch 155: train_loss=5.5501 val_loss=3.0822 tau=0.089 grad_max=4.20 grad_mean=2.01
2026-04-22 01:39:10,215 INFO epoch 156: train_loss=5.5527 val_loss=3.0779 tau=0.089 grad_max=3.54 grad_mean=2.01
2026-04-22 01:39:19,521 INFO epoch 157: train_loss=5.5502 val_loss=3.0787 tau=0.089 grad_max=3.54 grad_mean=2.03
2026-04-22 01:39:28,754 INFO epoch 158: train_loss=5.5460 val_loss=3.0742 tau=0.089 grad_max=3.81 grad_mean=2.00
2026-04-22 01:39:38,573 INFO epoch 159: train_loss=5.5451 val_loss=3.0777 tau=0.089 grad_max=4.97 grad_mean=2.04
2026-04-22 01:39:50,989 INFO epoch 160: train_loss=5.5430 val_loss=3.0764 tau=0.089 grad_max=3.51 grad_mean=2.02
2026-04-22 01:40:03,499 INFO epoch 161: train_loss=5.5445 val_loss=3.0757 tau=0.090 grad_max=3.24 grad_mean=2.04
2026-04-22 01:40:16,090 INFO epoch 162: train_loss=5.5430 val_loss=3.0743 tau=0.090 grad_max=3.55 grad_mean=2.02
2026-04-22 01:40:27,011 INFO epoch 163: train_loss=5.5398 val_loss=3.0745 tau=0.090 grad_max=3.80 grad_mean=2.03
2026-04-22 01:40:37,423 INFO epoch 164: train_loss=5.5378 val_loss=3.0750 tau=0.090 grad_max=3.55 grad_mean=2.00
2026-04-22 01:40:48,520 INFO epoch 165: train_loss=5.5412 val_loss=3.0767 tau=0.090 grad_max=3.55 grad_mean=2.02
2026-04-22 01:40:57,693 INFO epoch 166: train_loss=5.5372 val_loss=3.0770 tau=0.090 grad_max=4.55 grad_mean=2.01
2026-04-22 01:41:07,177 INFO epoch 167: train_loss=5.5344 val_loss=3.0778 tau=0.090 grad_max=4.77 grad_mean=2.03
2026-04-22 01:41:18,415 INFO epoch 168: train_loss=5.5326 val_loss=3.0758 tau=0.090 grad_max=3.35 grad_mean=2.00
2026-04-22 01:41:28,055 INFO epoch 169: train_loss=5.5314 val_loss=3.0751 tau=0.089 grad_max=4.31 grad_mean=2.01
2026-04-22 01:41:38,612 INFO epoch 170: train_loss=5.5343 val_loss=3.0773 tau=0.089 grad_max=4.14 grad_mean=2.01
2026-04-22 01:41:49,762 INFO epoch 171: train_loss=5.5305 val_loss=3.0753 tau=0.090 grad_max=4.81 grad_mean=2.03
2026-04-22 01:42:01,589 INFO epoch 172: train_loss=5.5290 val_loss=3.0758 tau=0.090 grad_max=3.65 grad_mean=2.01
2026-04-22 01:42:13,591 INFO epoch 173: train_loss=5.5292 val_loss=3.0735 tau=0.090 grad_max=3.77 grad_mean=2.01
2026-04-22 01:42:24,704 INFO epoch 174: train_loss=5.5269 val_loss=3.0753 tau=0.090 grad_max=3.68 grad_mean=2.01
2026-04-22 01:42:24,705 INFO early stopping at epoch 174 (best 154)
2026-04-22 01:42:24,761 INFO done: best_val_loss=3.0731 at epoch 154, saved to /home/aneitzel/projects/ArqueoGal/models/main/xp_abundances/20260422_38a993e_b07a5e3_xp_joint/xp_abundances_main_xp_joint_seed0_best.pt
