2026-04-22 15:42:31,250 INFO device=cuda
2026-04-22 15:42:31,251 INFO loading checkpoint: models/main/xp_abundances/20260422_38a993e_9511648_joint/member_seed0/xp_abundances_main_joint_seed0_best.pt
2026-04-22 15:42:31,649 INFO model loaded, latent_dim=32
2026-04-22 15:42:31,650 INFO frozen stats loaded, basis_fp=0d34b5659e97e589…
2026-04-22 15:42:31,650 INFO loading Stream-1 features: data/processed/pipeline1_features_stream1.parquet
2026-04-22 15:42:33,642 INFO   Stream-1 rows: 324054
2026-04-22 15:42:33,643 INFO   Stream-1 schema: zscored
2026-04-22 15:42:33,884 INFO   train=226837 val=48610 test=48607
2026-04-22 15:42:36,063 INFO   df_s1_train=239603 df_s1_val=57955
2026-04-22 15:42:36,064 INFO assembling + encoding Stream-1 train reference ...
2026-04-22 15:42:38,403 WARNING H_train: 116 / 239603 rows (0.048%) have non-finite latents — dropping from reference
2026-04-22 15:42:38,458 INFO   H_train shape=(239487, 32) (116 dropped)
2026-04-22 15:42:38,458 INFO assembling + encoding Stream-1 val ...
2026-04-22 15:42:39,040 WARNING H_val: 16 / 57955 rows (0.028%) have non-finite latents — dropping from reference
2026-04-22 15:42:39,078 INFO kNN (k=10) val → train ...
2026-04-22 15:44:31,447 INFO   val stats: {'n': 57939, 'n_finite': 57939, 'median': 0.6037713289260864, 'mean': 0.6331653594970703, 'std': 0.2740110754966736, 'p50': 0.6037713289260864, 'p95': 1.1175868511199951, 'p99': 1.500590443611145, 'p99.5': 1.6683814525604248}
2026-04-22 15:44:31,453 INFO   threshold (q=0.990) = 1.500590
2026-04-22 15:44:34,249 INFO loading Stream-3 features: data/processed/pipeline1_features_stream3.parquet
2026-04-22 15:44:38,784 INFO   Stream-3 rows: 613939
2026-04-22 15:44:38,785 INFO   Stream-3 schema: raw
2026-04-22 15:44:38,854 INFO assemble+encode+kNN Stream-3 in row-chunks (size=50000) ...
2026-04-22 15:46:06,086 INFO   [50000/613939] chunk rows=50000 d_med=3.043 flag_rate=0.9844
2026-04-22 15:47:30,665 INFO   [100000/613939] chunk rows=50000 d_med=3.364 flag_rate=0.9797
2026-04-22 15:48:55,504 INFO   [150000/613939] chunk rows=50000 d_med=3.320 flag_rate=0.9781
2026-04-22 15:50:22,127 INFO   [200000/613939] chunk rows=50000 d_med=1.443 flag_rate=0.4932
2026-04-22 15:52:06,157 INFO   [250000/613939] chunk rows=50000 d_med=0.910 flag_rate=0.2946
2026-04-22 15:53:38,005 INFO   [300000/613939] chunk rows=50000 d_med=0.911 flag_rate=0.2931
2026-04-22 15:55:04,959 INFO   [350000/613939] chunk rows=50000 d_med=0.915 flag_rate=0.2946
2026-04-22 15:56:37,096 INFO   [400000/613939] chunk rows=50000 d_med=0.808 flag_rate=0.1892
2026-04-22 15:58:13,064 INFO   [450000/613939] chunk rows=50000 d_med=0.768 flag_rate=0.0808
2026-04-22 15:59:40,400 INFO   [500000/613939] chunk rows=50000 d_med=0.835 flag_rate=0.0918
2026-04-22 16:01:06,959 INFO   [550000/613939] chunk rows=50000 d_med=0.735 flag_rate=0.0552
2026-04-22 16:02:32,647 INFO   [600000/613939] chunk rows=50000 d_med=0.782 flag_rate=0.0578
2026-04-22 16:02:57,514 INFO   [613939/613939] chunk rows=13939 d_med=0.642 flag_rate=0.0415
2026-04-22 16:02:58,124 INFO   s3 stats: {'n': 613939, 'n_finite': 613324, 'n_infinite_latent': 615, 'median': 1.0125339031219482, 'mean': 1.6304817199707031, 'p50': 1.0125339031219482, 'p95': 3.7989532947540283, 'p99': 4.037113189697266, 'flag_rate': 0.3912294218155224, 'flag_count': 240191}
2026-04-22 16:02:58,865 INFO wrote data/processed/pipeline1_latent_support_stream3.parquet (613939 rows)
2026-04-22 16:03:07,362 INFO wrote provenance: data/processed/pipeline1_latent_support_stream3.parquet.provenance.json
